[2026-03-28 09:00:15] [INFO ] ---------- chunkflow session started (Python backend) ----------
[2026-03-28 09:00:15] [INFO ] Records: 1141 | Chunks: 23 | Chunk size: 50 | backend=Python
[2026-03-28 09:00:15] [INFO ] Chunk 0 started (50 records)
[2026-03-28 09:00:15] [INFO ] Chunk 0 DONE (50 records written)
[2026-03-28 09:00:15] [INFO ] Chunk 1 started (50 records)
[2026-03-28 09:00:15] [INFO ] Chunk 1 DONE (50 records written)
[2026-03-28 09:00:15] [INFO ] Chunk 2 started (50 records)
[2026-03-28 09:00:15] [INFO ] Chunk 2 DONE (50 records written)
[2026-03-28 09:00:15] [INFO ] Chunk 3 started (50 records)
[2026-03-28 09:00:15] [INFO ] Chunk 3 DONE (50 records written)
[2026-03-28 09:00:15] [INFO ] Chunk 4 started (50 records)
[2026-03-28 09:00:15] [INFO ] Chunk 4 DONE (50 records written)
[2026-03-28 09:00:15] [INFO ] Chunk 5 started (50 records)
[2026-03-28 09:00:15] [INFO ] Chunk 5 DONE (50 records written)
[2026-03-28 09:00:15] [INFO ] Chunk 6 started (50 records)
[2026-03-28 09:00:15] [INFO ] Chunk 6 DONE (50 records written)
[2026-03-28 09:00:15] [INFO ] Chunk 7 started (50 records)
[2026-03-28 09:00:15] [INFO ] Chunk 7 DONE (50 records written)
[2026-03-28 09:00:15] [INFO ] Chunk 8 started (50 records)
[2026-03-28 09:00:15] [INFO ] Chunk 8 DONE (50 records written)
[2026-03-28 09:00:15] [INFO ] Chunk 9 started (50 records)
[2026-03-28 09:00:15] [INFO ] Chunk 9 DONE (50 records written)
[2026-03-28 09:00:15] [INFO ] Chunk 10 started (50 records)
[2026-03-28 09:00:15] [INFO ] Chunk 10 DONE (50 records written)
[2026-03-28 09:00:15] [INFO ] Chunk 11 started (50 records)
[2026-03-28 09:00:15] [INFO ] Chunk 11 DONE (50 records written)
[2026-03-28 09:00:15] [INFO ] Chunk 12 started (50 records)
[2026-03-28 09:00:15] [INFO ] Chunk 12 DONE (50 records written)
[2026-03-28 09:00:15] [INFO ] Chunk 13 started (50 records)
[2026-03-28 09:00:15] [INFO ] Chunk 13 DONE (50 records written)
[2026-03-28 09:00:15] [INFO ] Chunk 14 started (50 records)
[2026-03-28 09:00:15] [INFO ] Chunk 14 DONE (50 records written)
[2026-03-28 09:00:15] [INFO ] Chunk 15 started (50 records)
[2026-03-28 09:00:15] [INFO ] Chunk 15 DONE (50 records written)
[2026-03-28 09:00:15] [INFO ] Chunk 16 started (50 records)
[2026-03-28 09:00:15] [INFO ] Chunk 16 DONE (50 records written)
[2026-03-28 09:00:15] [INFO ] Chunk 17 started (50 records)
[2026-03-28 09:00:15] [INFO ] Chunk 17 DONE (50 records written)
[2026-03-28 09:00:15] [INFO ] Chunk 18 started (50 records)
[2026-03-28 09:00:15] [INFO ] Chunk 18 DONE (50 records written)
[2026-03-28 09:00:15] [INFO ] Chunk 19 started (50 records)
[2026-03-28 09:00:15] [INFO ] Chunk 19 DONE (50 records written)
[2026-03-28 09:00:15] [INFO ] Chunk 20 started (50 records)
[2026-03-28 09:00:15] [INFO ] Chunk 20 DONE (50 records written)
[2026-03-28 09:00:15] [INFO ] Chunk 21 started (50 records)
[2026-03-28 09:00:15] [INFO ] Chunk 21 DONE (50 records written)
[2026-03-28 09:00:15] [INFO ] Chunk 22 started (41 records)
[2026-03-28 09:00:15] [INFO ] Chunk 22 DONE (41 records written)
[2026-03-28 09:00:15] [INFO ] Finished — done=23 skipped=0 failed=0 elapsed=0.10315350000746548s
[2026-03-28 09:00:15] [INFO ] ---------- chunkflow session ended (Python backend) ----------
[2026-03-28 09:00:58] [INFO ] ---------- chunkflow session started (Python backend) ----------
[2026-03-28 09:00:58] [INFO ] Records: 1141 | Chunks: 23 | Chunk size: 50 | backend=Python
[2026-03-28 09:00:58] [INFO ] Chunk 0 skipped (already DONE)
[2026-03-28 09:00:58] [INFO ] Chunk 1 skipped (already DONE)
[2026-03-28 09:00:58] [INFO ] Chunk 2 skipped (already DONE)
[2026-03-28 09:00:58] [INFO ] Chunk 3 skipped (already DONE)
[2026-03-28 09:00:58] [INFO ] Chunk 4 skipped (already DONE)
[2026-03-28 09:00:58] [INFO ] Chunk 5 skipped (already DONE)
[2026-03-28 09:00:58] [INFO ] Chunk 6 skipped (already DONE)
[2026-03-28 09:00:58] [INFO ] Chunk 7 skipped (already DONE)
[2026-03-28 09:00:58] [INFO ] Chunk 8 skipped (already DONE)
[2026-03-28 09:00:58] [INFO ] Chunk 9 skipped (already DONE)
[2026-03-28 09:00:58] [INFO ] Chunk 10 skipped (already DONE)
[2026-03-28 09:00:58] [INFO ] Chunk 11 skipped (already DONE)
[2026-03-28 09:00:58] [INFO ] Chunk 12 skipped (already DONE)
[2026-03-28 09:00:58] [INFO ] Chunk 13 skipped (already DONE)
[2026-03-28 09:00:58] [INFO ] Chunk 14 skipped (already DONE)
[2026-03-28 09:00:58] [INFO ] Chunk 15 skipped (already DONE)
[2026-03-28 09:00:58] [INFO ] Chunk 16 skipped (already DONE)
[2026-03-28 09:00:58] [INFO ] Chunk 17 skipped (already DONE)
[2026-03-28 09:00:58] [INFO ] Chunk 18 skipped (already DONE)
[2026-03-28 09:00:58] [INFO ] Chunk 19 skipped (already DONE)
[2026-03-28 09:00:58] [INFO ] Chunk 20 skipped (already DONE)
[2026-03-28 09:00:58] [INFO ] Chunk 21 skipped (already DONE)
[2026-03-28 09:00:58] [INFO ] Chunk 22 skipped (already DONE)
[2026-03-28 09:00:58] [INFO ] Finished — done=0 skipped=23 failed=0 elapsed=0.009844199987128377s
[2026-03-28 09:00:58] [INFO ] ---------- chunkflow session ended (Python backend) ----------
[2026-03-28 09:03:19] [INFO ] ---------- chunkflow session started (Python backend) ----------
[2026-03-28 09:03:19] [INFO ] Records: 1141 | Chunks: 23 | Chunk size: 50 | backend=Python | chunk_threads=8
[2026-03-28 09:03:19] [INFO ] Starting 23 chunks on ThreadPoolExecutor(max_workers=8)
[2026-03-28 09:03:19] [INFO ] Chunk 4 finished transform, committing…
[2026-03-28 09:03:19] [INFO ] Chunk 4 DONE (50 records written)
[2026-03-28 09:03:19] [INFO ] Chunk 13 finished transform, committing…
[2026-03-28 09:03:19] [INFO ] Chunk 13 DONE (50 records written)
[2026-03-28 09:03:19] [INFO ] Chunk 14 finished transform, committing…
[2026-03-28 09:03:19] [INFO ] Chunk 14 DONE (50 records written)
[2026-03-28 09:03:19] [INFO ] Chunk 11 finished transform, committing…
[2026-03-28 09:03:19] [INFO ] Chunk 11 DONE (50 records written)
[2026-03-28 09:03:19] [INFO ] Chunk 12 finished transform, committing…
[2026-03-28 09:03:19] [INFO ] Chunk 12 DONE (50 records written)
[2026-03-28 09:03:19] [INFO ] Chunk 10 finished transform, committing…
[2026-03-28 09:03:19] [INFO ] Chunk 10 DONE (50 records written)
[2026-03-28 09:03:19] [INFO ] Chunk 5 finished transform, committing…
[2026-03-28 09:03:19] [INFO ] Chunk 5 DONE (50 records written)
[2026-03-28 09:03:19] [INFO ] Chunk 1 finished transform, committing…
[2026-03-28 09:03:19] [INFO ] Chunk 1 DONE (50 records written)
[2026-03-28 09:03:19] [INFO ] Chunk 7 finished transform, committing…
[2026-03-28 09:03:19] [INFO ] Chunk 7 DONE (50 records written)
[2026-03-28 09:03:19] [INFO ] Chunk 15 finished transform, committing…
[2026-03-28 09:03:19] [INFO ] Chunk 15 DONE (50 records written)
[2026-03-28 09:03:19] [INFO ] Chunk 0 finished transform, committing…
[2026-03-28 09:03:19] [INFO ] Chunk 0 DONE (50 records written)
[2026-03-28 09:03:19] [INFO ] Chunk 9 finished transform, committing…
[2026-03-28 09:03:19] [INFO ] Chunk 9 DONE (50 records written)
[2026-03-28 09:03:19] [INFO ] Chunk 8 finished transform, committing…
[2026-03-28 09:03:19] [INFO ] Chunk 8 DONE (50 records written)
[2026-03-28 09:03:19] [INFO ] Chunk 3 finished transform, committing…
[2026-03-28 09:03:19] [INFO ] Chunk 3 DONE (50 records written)
[2026-03-28 09:03:19] [INFO ] Chunk 17 finished transform, committing…
[2026-03-28 09:03:19] [INFO ] Chunk 17 DONE (50 records written)
[2026-03-28 09:03:19] [INFO ] Chunk 6 finished transform, committing…
[2026-03-28 09:03:19] [INFO ] Chunk 6 DONE (50 records written)
[2026-03-28 09:03:19] [INFO ] Chunk 2 finished transform, committing…
[2026-03-28 09:03:19] [INFO ] Chunk 2 DONE (50 records written)
[2026-03-28 09:03:19] [INFO ] Chunk 16 finished transform, committing…
[2026-03-28 09:03:19] [INFO ] Chunk 16 DONE (50 records written)
[2026-03-28 09:03:19] [INFO ] Chunk 18 finished transform, committing…
[2026-03-28 09:03:19] [INFO ] Chunk 18 DONE (50 records written)
[2026-03-28 09:03:19] [INFO ] Chunk 19 finished transform, committing…
[2026-03-28 09:03:19] [INFO ] Chunk 19 DONE (50 records written)
[2026-03-28 09:03:19] [INFO ] Chunk 20 finished transform, committing…
[2026-03-28 09:03:19] [INFO ] Chunk 20 DONE (50 records written)
[2026-03-28 09:03:19] [INFO ] Chunk 21 finished transform, committing…
[2026-03-28 09:03:19] [INFO ] Chunk 21 DONE (50 records written)
[2026-03-28 09:03:19] [INFO ] Chunk 22 finished transform, committing…
[2026-03-28 09:03:19] [INFO ] Chunk 22 DONE (41 records written)
[2026-03-28 09:03:19] [INFO ] Finished — done=23 skipped=0 failed=0 elapsed=0.12606240017339587s
[2026-03-28 09:03:19] [INFO ] ---------- chunkflow session ended (Python backend) ----------
[2026-03-28 09:04:01] [INFO ] ---------- chunkflow session started (Python backend) ----------
[2026-03-28 09:04:01] [INFO ] Records: 1141 | Chunks: 23 | Chunk size: 50 | backend=Python | chunk_threads=8
[2026-03-28 09:04:01] [INFO ] Chunk 0 skipped (already DONE)
[2026-03-28 09:04:01] [INFO ] Chunk 1 skipped (already DONE)
[2026-03-28 09:04:01] [INFO ] Chunk 2 skipped (already DONE)
[2026-03-28 09:04:01] [INFO ] Chunk 3 skipped (already DONE)
[2026-03-28 09:04:01] [INFO ] Chunk 4 skipped (already DONE)
[2026-03-28 09:04:01] [INFO ] Chunk 5 skipped (already DONE)
[2026-03-28 09:04:01] [INFO ] Chunk 6 skipped (already DONE)
[2026-03-28 09:04:01] [INFO ] Chunk 7 skipped (already DONE)
[2026-03-28 09:04:01] [INFO ] Chunk 8 skipped (already DONE)
[2026-03-28 09:04:01] [INFO ] Chunk 9 skipped (already DONE)
[2026-03-28 09:04:01] [INFO ] Chunk 10 skipped (already DONE)
[2026-03-28 09:04:01] [INFO ] Chunk 11 skipped (already DONE)
[2026-03-28 09:04:01] [INFO ] Chunk 12 skipped (already DONE)
[2026-03-28 09:04:01] [INFO ] Chunk 13 skipped (already DONE)
[2026-03-28 09:04:01] [INFO ] Chunk 14 skipped (already DONE)
[2026-03-28 09:04:01] [INFO ] Chunk 15 skipped (already DONE)
[2026-03-28 09:04:01] [INFO ] Chunk 16 skipped (already DONE)
[2026-03-28 09:04:01] [INFO ] Chunk 17 skipped (already DONE)
[2026-03-28 09:04:01] [INFO ] Chunk 18 skipped (already DONE)
[2026-03-28 09:04:01] [INFO ] Chunk 19 skipped (already DONE)
[2026-03-28 09:04:01] [INFO ] Chunk 20 skipped (already DONE)
[2026-03-28 09:04:01] [INFO ] Chunk 21 skipped (already DONE)
[2026-03-28 09:04:01] [INFO ] Chunk 22 skipped (already DONE)
[2026-03-28 09:04:01] [INFO ] Finished — done=0 skipped=23 failed=0 elapsed=0.009525500005111098s
[2026-03-28 09:04:01] [INFO ] ---------- chunkflow session ended (Python backend) ----------
[2026-03-28 09:16:12] [INFO ] ---------- chunkflow session started (Python backend) ----------
[2026-03-28 09:16:12] [INFO ] Records: 1141 | Chunks: 23 | Chunk size: 50 | backend=Python | chunk_threads=8
[2026-03-28 09:16:12] [INFO ] Starting 23 chunks on ThreadPoolExecutor(max_workers=8)
[2026-03-28 09:16:12] [INFO ] Chunk 0 finished transform, committing…
[2026-03-28 09:16:12] [INFO ] Chunk 0 DONE (50 records written)
[2026-03-28 09:16:12] [INFO ] Chunk 8 finished transform, committing…
[2026-03-28 09:16:12] [INFO ] Chunk 8 DONE (50 records written)
[2026-03-28 09:16:12] [INFO ] Chunk 9 finished transform, committing…
[2026-03-28 09:16:12] [INFO ] Chunk 9 DONE (50 records written)
[2026-03-28 09:16:12] [INFO ] Chunk 1 finished transform, committing…
[2026-03-28 09:16:12] [INFO ] Chunk 1 DONE (50 records written)
[2026-03-28 09:16:12] [INFO ] Chunk 11 finished transform, committing…
[2026-03-28 09:16:12] [INFO ] Chunk 11 DONE (50 records written)
[2026-03-28 09:16:12] [INFO ] Chunk 12 finished transform, committing…
[2026-03-28 09:16:12] [INFO ] Chunk 12 DONE (50 records written)
[2026-03-28 09:16:12] [INFO ] Chunk 13 finished transform, committing…
[2026-03-28 09:16:12] [INFO ] Chunk 13 DONE (50 records written)
[2026-03-28 09:16:12] [INFO ] Chunk 14 finished transform, committing…
[2026-03-28 09:16:12] [INFO ] Chunk 14 DONE (50 records written)
[2026-03-28 09:16:12] [INFO ] Chunk 10 finished transform, committing…
[2026-03-28 09:16:12] [INFO ] Chunk 10 DONE (50 records written)
[2026-03-28 09:16:12] [INFO ] Chunk 16 finished transform, committing…
[2026-03-28 09:16:12] [INFO ] Chunk 16 DONE (50 records written)
[2026-03-28 09:16:12] [INFO ] Chunk 17 finished transform, committing…
[2026-03-28 09:16:12] [INFO ] Chunk 17 DONE (50 records written)
[2026-03-28 09:16:12] [INFO ] Chunk 18 finished transform, committing…
[2026-03-28 09:16:12] [INFO ] Chunk 18 DONE (50 records written)
[2026-03-28 09:16:12] [INFO ] Chunk 19 finished transform, committing…
[2026-03-28 09:16:12] [INFO ] Chunk 19 DONE (50 records written)
[2026-03-28 09:16:12] [INFO ] Chunk 20 finished transform, committing…
[2026-03-28 09:16:12] [INFO ] Chunk 20 DONE (50 records written)
[2026-03-28 09:16:12] [INFO ] Chunk 15 finished transform, committing…
[2026-03-28 09:16:12] [INFO ] Chunk 15 DONE (50 records written)
[2026-03-28 09:16:12] [INFO ] Chunk 22 finished transform, committing…
[2026-03-28 09:16:12] [INFO ] Chunk 22 DONE (41 records written)
[2026-03-28 09:16:12] [INFO ] Chunk 2 finished transform, committing…
[2026-03-28 09:16:12] [INFO ] Chunk 2 DONE (50 records written)
[2026-03-28 09:16:12] [INFO ] Chunk 21 finished transform, committing…
[2026-03-28 09:16:12] [INFO ] Chunk 21 DONE (50 records written)
[2026-03-28 09:16:12] [INFO ] Chunk 3 finished transform, committing…
[2026-03-28 09:16:12] [INFO ] Chunk 3 DONE (50 records written)
[2026-03-28 09:16:12] [INFO ] Chunk 4 finished transform, committing…
[2026-03-28 09:16:12] [INFO ] Chunk 4 DONE (50 records written)
[2026-03-28 09:16:12] [INFO ] Chunk 5 finished transform, committing…
[2026-03-28 09:16:12] [INFO ] Chunk 5 DONE (50 records written)
[2026-03-28 09:16:12] [INFO ] Chunk 6 finished transform, committing…
[2026-03-28 09:16:12] [INFO ] Chunk 6 DONE (50 records written)
[2026-03-28 09:16:12] [INFO ] Chunk 7 finished transform, committing…
[2026-03-28 09:16:12] [INFO ] Chunk 7 DONE (50 records written)
[2026-03-28 09:16:12] [INFO ] Finished — done=23 skipped=0 failed=0 elapsed=0.1590545999351889s
[2026-03-28 09:16:12] [INFO ] ---------- chunkflow session ended (Python backend) ----------
[2026-03-28 09:16:50] [INFO ] ---------- chunkflow session started (Python backend) ----------
[2026-03-28 09:16:50] [INFO ] Records: 1141 | Chunks: 23 | Chunk size: 50 | backend=Python | chunk_threads=8
[2026-03-28 09:16:50] [INFO ] Chunk 0 skipped (already DONE)
[2026-03-28 09:16:50] [INFO ] Chunk 1 skipped (already DONE)
[2026-03-28 09:16:50] [INFO ] Chunk 2 skipped (already DONE)
[2026-03-28 09:16:50] [INFO ] Chunk 3 skipped (already DONE)
[2026-03-28 09:16:50] [INFO ] Chunk 4 skipped (already DONE)
[2026-03-28 09:16:50] [INFO ] Chunk 5 skipped (already DONE)
[2026-03-28 09:16:50] [INFO ] Chunk 6 skipped (already DONE)
[2026-03-28 09:16:50] [INFO ] Chunk 7 skipped (already DONE)
[2026-03-28 09:16:50] [INFO ] Chunk 8 skipped (already DONE)
[2026-03-28 09:16:50] [INFO ] Chunk 9 skipped (already DONE)
[2026-03-28 09:16:50] [INFO ] Chunk 10 skipped (already DONE)
[2026-03-28 09:16:50] [INFO ] Chunk 11 skipped (already DONE)
[2026-03-28 09:16:50] [INFO ] Chunk 12 skipped (already DONE)
[2026-03-28 09:16:50] [INFO ] Chunk 13 skipped (already DONE)
[2026-03-28 09:16:50] [INFO ] Chunk 14 skipped (already DONE)
[2026-03-28 09:16:50] [INFO ] Chunk 15 skipped (already DONE)
[2026-03-28 09:16:50] [INFO ] Chunk 16 skipped (already DONE)
[2026-03-28 09:16:50] [INFO ] Chunk 17 skipped (already DONE)
[2026-03-28 09:16:50] [INFO ] Chunk 18 skipped (already DONE)
[2026-03-28 09:16:50] [INFO ] Chunk 19 skipped (already DONE)
[2026-03-28 09:16:50] [INFO ] Chunk 20 skipped (already DONE)
[2026-03-28 09:16:50] [INFO ] Chunk 21 skipped (already DONE)
[2026-03-28 09:16:50] [INFO ] Chunk 22 skipped (already DONE)
[2026-03-28 09:16:50] [INFO ] Finished — done=0 skipped=23 failed=0 elapsed=0.009408100042492151s
[2026-03-28 09:16:50] [INFO ] ---------- chunkflow session ended (Python backend) ----------
[2026-03-28 09:16:54] [INFO ] ---------- chunkflow session started (Python backend) ----------
[2026-03-28 09:16:54] [INFO ] Records: 1141 | Chunks: 23 | Chunk size: 50 | backend=Python | chunk_threads=8
[2026-03-28 09:16:54] [INFO ] Chunk 0 skipped (already DONE)
[2026-03-28 09:16:54] [INFO ] Chunk 1 skipped (already DONE)
[2026-03-28 09:16:54] [INFO ] Chunk 2 skipped (already DONE)
[2026-03-28 09:16:54] [INFO ] Chunk 3 skipped (already DONE)
[2026-03-28 09:16:54] [INFO ] Chunk 4 skipped (already DONE)
[2026-03-28 09:16:54] [INFO ] Chunk 5 skipped (already DONE)
[2026-03-28 09:16:54] [INFO ] Chunk 6 skipped (already DONE)
[2026-03-28 09:16:54] [INFO ] Chunk 7 skipped (already DONE)
[2026-03-28 09:16:54] [INFO ] Chunk 8 skipped (already DONE)
[2026-03-28 09:16:54] [INFO ] Chunk 9 skipped (already DONE)
[2026-03-28 09:16:54] [INFO ] Chunk 10 skipped (already DONE)
[2026-03-28 09:16:54] [INFO ] Chunk 11 skipped (already DONE)
[2026-03-28 09:16:54] [INFO ] Chunk 12 skipped (already DONE)
[2026-03-28 09:16:54] [INFO ] Chunk 13 skipped (already DONE)
[2026-03-28 09:16:54] [INFO ] Chunk 14 skipped (already DONE)
[2026-03-28 09:16:54] [INFO ] Chunk 15 skipped (already DONE)
[2026-03-28 09:16:54] [INFO ] Chunk 16 skipped (already DONE)
[2026-03-28 09:16:54] [INFO ] Chunk 17 skipped (already DONE)
[2026-03-28 09:16:54] [INFO ] Chunk 18 skipped (already DONE)
[2026-03-28 09:16:54] [INFO ] Chunk 19 skipped (already DONE)
[2026-03-28 09:16:54] [INFO ] Chunk 20 skipped (already DONE)
[2026-03-28 09:16:54] [INFO ] Chunk 21 skipped (already DONE)
[2026-03-28 09:16:54] [INFO ] Chunk 22 skipped (already DONE)
[2026-03-28 09:16:54] [INFO ] Finished — done=0 skipped=23 failed=0 elapsed=0.010061099892482162s
[2026-03-28 09:16:54] [INFO ] ---------- chunkflow session ended (Python backend) ----------
[2026-03-28 11:29:45] [INFO ] ---------- chunkflow session started (Python backend) ----------
[2026-03-28 11:29:45] [INFO ] Records: 1141 | Chunks: 23 | Chunk size: 50 | backend=Python | chunk_threads=8
[2026-03-28 11:29:45] [INFO ] Chunk 0 skipped (already DONE)
[2026-03-28 11:29:45] [INFO ] Chunk 1 skipped (already DONE)
[2026-03-28 11:29:45] [INFO ] Chunk 2 skipped (already DONE)
[2026-03-28 11:29:45] [INFO ] Chunk 3 skipped (already DONE)
[2026-03-28 11:29:45] [INFO ] Chunk 4 skipped (already DONE)
[2026-03-28 11:29:45] [INFO ] Chunk 5 skipped (already DONE)
[2026-03-28 11:29:45] [INFO ] Chunk 6 skipped (already DONE)
[2026-03-28 11:29:45] [INFO ] Chunk 7 skipped (already DONE)
[2026-03-28 11:29:45] [INFO ] Chunk 8 skipped (already DONE)
[2026-03-28 11:29:45] [INFO ] Chunk 9 skipped (already DONE)
[2026-03-28 11:29:45] [INFO ] Chunk 10 skipped (already DONE)
[2026-03-28 11:29:45] [INFO ] Chunk 11 skipped (already DONE)
[2026-03-28 11:29:45] [INFO ] Chunk 12 skipped (already DONE)
[2026-03-28 11:29:45] [INFO ] Chunk 13 skipped (already DONE)
[2026-03-28 11:29:45] [INFO ] Chunk 14 skipped (already DONE)
[2026-03-28 11:29:45] [INFO ] Chunk 15 skipped (already DONE)
[2026-03-28 11:29:45] [INFO ] Chunk 16 skipped (already DONE)
[2026-03-28 11:29:45] [INFO ] Chunk 17 skipped (already DONE)
[2026-03-28 11:29:45] [INFO ] Chunk 18 skipped (already DONE)
[2026-03-28 11:29:45] [INFO ] Chunk 19 skipped (already DONE)
[2026-03-28 11:29:45] [INFO ] Chunk 20 skipped (already DONE)
[2026-03-28 11:29:45] [INFO ] Chunk 21 skipped (already DONE)
[2026-03-28 11:29:45] [INFO ] Chunk 22 skipped (already DONE)
[2026-03-28 11:29:45] [INFO ] Finished — done=0 skipped=23 failed=0 elapsed=0.01240120000056777s
[2026-03-28 11:29:45] [INFO ] ---------- chunkflow session ended (Python backend) ----------
