[2026-04-24 15:04:02] [INFO] ──────────── chunkflow session started ────────────
[2026-04-24 15:04:02] [INFO ] Records: 100000 | Chunks: 20 | Chunk size: 5000 | OpenMP max threads (info): 4 | Python transform: sequential (safe GIL)
[2026-04-24 15:04:02] [INFO ] Chunk 0 started (5000 records)
[2026-04-24 15:04:02] [INFO ] Chunk 0 DONE (5000 records written)
[2026-04-24 15:04:02] [INFO ] Chunk 1 started (5000 records)
[2026-04-24 15:04:02] [INFO ] Chunk 1 DONE (5000 records written)
[2026-04-24 15:04:02] [INFO ] Chunk 2 started (5000 records)
[2026-04-24 15:04:02] [INFO ] Chunk 2 DONE (5000 records written)
[2026-04-24 15:04:02] [INFO ] Chunk 3 started (5000 records)
[2026-04-24 15:04:02] [INFO ] Chunk 3 DONE (5000 records written)
[2026-04-24 15:04:02] [INFO ] Chunk 4 started (5000 records)
[2026-04-24 15:04:02] [INFO ] Chunk 4 DONE (5000 records written)
[2026-04-24 15:04:02] [INFO ] Chunk 5 started (5000 records)
[2026-04-24 15:04:02] [INFO ] Chunk 5 DONE (5000 records written)
[2026-04-24 15:04:02] [INFO ] Chunk 6 started (5000 records)
[2026-04-24 15:04:02] [INFO ] Chunk 6 DONE (5000 records written)
[2026-04-24 15:04:02] [INFO ] Chunk 7 started (5000 records)
[2026-04-24 15:04:02] [INFO ] Chunk 7 DONE (5000 records written)
[2026-04-24 15:04:02] [INFO ] Chunk 8 started (5000 records)
[2026-04-24 15:04:02] [INFO ] Chunk 8 DONE (5000 records written)
[2026-04-24 15:04:02] [INFO ] Chunk 9 started (5000 records)
[2026-04-24 15:04:02] [INFO ] Chunk 9 DONE (5000 records written)
[2026-04-24 15:04:02] [INFO ] Chunk 10 started (5000 records)
[2026-04-24 15:04:02] [INFO ] Chunk 10 DONE (5000 records written)
[2026-04-24 15:04:02] [INFO ] Chunk 11 started (5000 records)
[2026-04-24 15:04:02] [INFO ] Chunk 11 DONE (5000 records written)
[2026-04-24 15:04:02] [INFO ] Chunk 12 started (5000 records)
[2026-04-24 15:04:02] [INFO ] Chunk 12 DONE (5000 records written)
[2026-04-24 15:04:02] [INFO ] Chunk 13 started (5000 records)
[2026-04-24 15:04:02] [INFO ] Chunk 13 DONE (5000 records written)
[2026-04-24 15:04:02] [INFO ] Chunk 14 started (5000 records)
[2026-04-24 15:04:02] [INFO ] Chunk 14 DONE (5000 records written)
[2026-04-24 15:04:02] [INFO ] Chunk 15 started (5000 records)
[2026-04-24 15:04:02] [INFO ] Chunk 15 DONE (5000 records written)
[2026-04-24 15:04:02] [INFO ] Chunk 16 started (5000 records)
[2026-04-24 15:04:02] [INFO ] Chunk 16 DONE (5000 records written)
[2026-04-24 15:04:02] [INFO ] Chunk 17 started (5000 records)
[2026-04-24 15:04:02] [INFO ] Chunk 17 DONE (5000 records written)
[2026-04-24 15:04:02] [INFO ] Chunk 18 started (5000 records)
[2026-04-24 15:04:02] [INFO ] Chunk 18 DONE (5000 records written)
[2026-04-24 15:04:02] [INFO ] Chunk 19 started (5000 records)
[2026-04-24 15:04:02] [INFO ] Chunk 19 DONE (5000 records written)
[2026-04-24 15:04:02] [INFO ] Finished — done=20 skipped=0 failed=0 elapsed=0.167620s
[2026-04-24 15:04:02] [INFO] ──────────── chunkflow session ended   ────────────
